=========================================================
   accel-config 4.1.4.git6c3261f1: test/test-suite.log
=========================================================

# TOTAL: 4
# PASS:  3
# SKIP:  1
# XFAIL: 0
# FAIL:  0
# XPASS: 0
# ERROR: 0

.. contents:: :depth: 2

SKIP: libaccfg
==============

__accfg_test_skip: explicit skip test_libaccfg:918
device is active, skipping tests
libaccfg: accfg_unref: context 0x5596aa1eb2c0 released
attempted: 1 skipped: 1
SKIP libaccfg (exit status: 77)

